../Drivers/CMSIS/Include/core_cm4.h:2064:26:ITM_SendChar	16	static,ignoring_inline_asm
../Core/Src/main.c:78:6:cbCommand2Receive	16	static
../Core/Src/main.c:127:6:HAL_UARTEx_RxEventCallback	24	static
../Core/Src/main.c:159:6:HAL_ADC_ConvCpltCallback	16	static
../Core/Src/main.c:182:5:main	64	static
../Core/Src/main.c:468:6:SystemClock_Config	88	static
../Core/Src/main.c:511:5:_write	32	static
../Core/Src/main.c:524:6:sim800_power_on	8	static
../Core/Src/main.c:537:6:sim800_power_off	8	static
../Core/Src/main.c:543:5:reset_sim800_connect_to_server	32	static
../Core/Src/main.c:617:5:startAdcGetU220	8	static
../Core/Src/main.c:643:6:Error_Handler	4	static,ignoring_inline_asm
